Running on device: cuda
>>> Using dataset run:       opensees_surrogate_dataset_floors_3_to_7_3stage-tailfix-steel01main-steel02damper-light-grid6-fy5-fy500to8000-period09-m50to140-ydr1p0-20260523-171351
>>> Loading training CSV from: C:\Users\jiaotong1\5080train\数据集\opensees_surrogate_dataset_floors_3_to_7_3stage-tailfix-steel01main-steel02damper-light-grid6-fy5-fy500to8000-period09-m50to140-ydr1p0-20260523-171351_train.csv
>>> Loading validation CSV from: C:\Users\jiaotong1\5080train\数据集\opensees_surrogate_dataset_floors_3_to_7_3stage-tailfix-steel01main-steel02damper-light-grid6-fy5-fy500to8000-period09-m50to140-ydr1p0-20260523-171351_val.csv
>>> Dataset search dirs:    C:\Users\jiaotong1\5080train\数据集
>>> Wavelet image dir:      C:\Users\jiaotong1\5080train\rawdata\Scalogram\6000-1-20260525-211552
>>> Model run name:         model-20260523-171351-541b9ed7-train20260531-180441
>>> Model artifacts dir:    C:\Users\jiaotong1\5080train\output\2dcnnv7\model-20260523-171351-541b9ed7-train20260531-180441
>>> Using 100% of data: 75009 samples
>>> Scalar feature columns (63): ['num_floors', 'floor_mass', 'floor_height', 'k_base_1_4', 'Fy_add', 'period_1_sec', 'wave_pga', 'wave_rms', 'wave_mean_abs', 'wave_cav', 'wave_arias_proxy', 'wave_duration_5_95', 'wave_zero_crossing_rate', 'wave_dominant_freq', 'wave_spectral_centroid', 'wave_predominant_period', 'wave_intensity_score', 'log1p_period_1_sec', 'log1p_wave_pga', 'log1p_wave_rms', 'log1p_wave_mean_abs', 'log1p_wave_cav', 'log1p_wave_arias_proxy', 'log1p_wave_duration_5_95', 'log1p_wave_zero_crossing_rate', 'log1p_wave_dominant_freq', 'log1p_wave_spectral_centroid', 'log1p_wave_predominant_period', 'log1p_wave_intensity_score', 'wave_to_structure_period_ratio', 'structure_to_wave_period_ratio', 'wave_structure_period_log_gap', 'wave_dominant_freq_x_period', 'wave_spectral_centroid_x_period', 'wave_pga_x_period', 'wave_cav_x_period', 'wave_arias_proxy_x_period', 'wave_intensity_score_x_period', 'inv_k_base_1_4', 'inv_Fy_add', 'mass_to_stiffness', 'height_to_stiffness', 'period_squared', 'num_floors_x_period', 'floor_mass_x_period', 'floor_height_x_period', 'flexibility_x_period', 'strength_inverse_x_period', 'damper_story_1', 'damper_story_2', 'damper_story_3', 'damper_story_4', 'damper_story_5', 'damper_story_6', 'damper_story_7', 'damper_install_count', 'damper_install_ratio', 'damper_sparse_ratio', 'tail_risk_proxy', 'log1p_tail_risk_proxy', 'wave_intensity_tail_risk', 'wave_arias_tail_risk', 'wave_cav_tail_risk']
>>> Unique train txt files: 167
>>> Unique val txt files:   26
>>> Unique train images:    167
>>> Unique val images:      26
>>> Train samples: 75009 | Val samples: 4564
>>> Train loss weights: min=0.817, max=14.000, mean=1.000
>>> Fitting StandardScaler on training scalars...
>>> Scalar scaler saved to C:\Users\jiaotong1\5080train\output\2dcnnv7\model-20260523-171351-541b9ed7-train20260531-180441\scalar_scaler.pkl
>>> Pre-loading 167 unique images into memory (total rows: 75009)...
>>> Image caching complete.
>>> Dataset size: 75009 samples
>>> Pre-loading 26 unique images into memory (total rows: 4564)...
>>> Image caching complete.
>>> Dataset size: 4564 samples

>>> Model Architecture:
MultimodalPredictor(
  (mlp): ScalarFeatureEncoder(
    (encoder): Sequential(
      (0): Linear(in_features=63, out_features=160, bias=True)
      (1): LayerNorm((160,), eps=1e-05, elementwise_affine=True)
      (2): GELU(approximate='none')
      (3): Dropout(p=0.08, inplace=False)
      (4): ScalarResidualBlock(
        (norm): LayerNorm((160,), eps=1e-05, elementwise_affine=True)
        (net): Sequential(
          (0): Linear(in_features=160, out_features=320, bias=True)
          (1): GELU(approximate='none')
          (2): Dropout(p=0.17, inplace=False)
          (3): Linear(in_features=320, out_features=160, bias=True)
          (4): Dropout(p=0.17, inplace=False)
        )
      )
      (5): ScalarResidualBlock(
        (norm): LayerNorm((160,), eps=1e-05, elementwise_affine=True)
        (net): Sequential(
          (0): Linear(in_features=160, out_features=320, bias=True)
          (1): GELU(approximate='none')
          (2): Dropout(p=0.17, inplace=False)
          (3): Linear(in_features=320, out_features=160, bias=True)
          (4): Dropout(p=0.17, inplace=False)
        )
      )
      (6): ScalarResidualBlock(
        (norm): LayerNorm((160,), eps=1e-05, elementwise_affine=True)
        (net): Sequential(
          (0): Linear(in_features=160, out_features=320, bias=True)
          (1): GELU(approximate='none')
          (2): Dropout(p=0.17, inplace=False)
          (3): Linear(in_features=320, out_features=160, bias=True)
          (4): Dropout(p=0.17, inplace=False)
        )
      )
      (7): LayerNorm((160,), eps=1e-05, elementwise_affine=True)
    )
  )
  (cnn_stem): Sequential(
    (0): Conv2d(3, 32, kernel_size=(3, 3), stride=(1, 1), padding=(1, 1), bias=False)
    (1): GroupNorm(8, 32, eps=1e-05, affine=True)
    (2): ReLU(inplace=True)
  )
  (cnn_blocks): ModuleList(
    (0): ConditionalResidualConvBlock2D(
      (conv1): Conv2d(32, 32, kernel_size=(3, 3), stride=(1, 1), padding=(1, 1), bias=False)
      (bn1): GroupNorm(8, 32, eps=1e-05, affine=True)
      (conv2): Conv2d(32, 32, kernel_size=(3, 3), stride=(1, 1), padding=(1, 1), bias=False)
      (bn2): GroupNorm(8, 32, eps=1e-05, affine=True)
      (act): ReLU(inplace=True)
      (pool): MaxPool2d(kernel_size=2, stride=2, padding=0, dilation=1, ceil_mode=False)
      (dropout): Dropout2d(p=0.08, inplace=False)
      (film): Linear(in_features=160, out_features=64, bias=True)
      (gate): Linear(in_features=160, out_features=32, bias=True)
      (shortcut): Identity()
    )
    (1): ConditionalResidualConvBlock2D(
      (conv1): Conv2d(32, 64, kernel_size=(3, 3), stride=(1, 1), padding=(1, 1), bias=False)
      (bn1): GroupNorm(8, 64, eps=1e-05, affine=True)
      (conv2): Conv2d(64, 64, kernel_size=(3, 3), stride=(1, 1), padding=(1, 1), bias=False)
      (bn2): GroupNorm(8, 64, eps=1e-05, affine=True)
      (act): ReLU(inplace=True)
      (pool): MaxPool2d(kernel_size=2, stride=2, padding=0, dilation=1, ceil_mode=False)
      (dropout): Dropout2d(p=0.08, inplace=False)
      (film): Linear(in_features=160, out_features=128, bias=True)
      (gate): Linear(in_features=160, out_features=64, bias=True)
      (shortcut): Sequential(
        (0): Conv2d(32, 64, kernel_size=(1, 1), stride=(1, 1), bias=False)
        (1): GroupNorm(8, 64, eps=1e-05, affine=True)
      )
    )
    (2): ConditionalResidualConvBlock2D(
      (conv1): Conv2d(64, 128, kernel_size=(3, 3), stride=(1, 1), padding=(1, 1), bias=False)
      (bn1): GroupNorm(8, 128, eps=1e-05, affine=True)
      (conv2): Conv2d(128, 128, kernel_size=(3, 3), stride=(1, 1), padding=(1, 1), bias=False)
      (bn2): GroupNorm(8, 128, eps=1e-05, affine=True)
      (act): ReLU(inplace=True)
      (pool): MaxPool2d(kernel_size=2, stride=2, padding=0, dilation=1, ceil_mode=False)
      (dropout): Dropout2d(p=0.08, inplace=False)
      (film): Linear(in_features=160, out_features=256, bias=True)
      (gate): Linear(in_features=160, out_features=128, bias=True)
      (shortcut): Sequential(
        (0): Conv2d(64, 128, kernel_size=(1, 1), stride=(1, 1), bias=False)
        (1): GroupNorm(8, 128, eps=1e-05, affine=True)
      )
    )
    (3): ConditionalResidualConvBlock2D(
      (conv1): Conv2d(128, 192, kernel_size=(3, 3), stride=(1, 1), padding=(1, 1), bias=False)
      (bn1): GroupNorm(8, 192, eps=1e-05, affine=True)
      (conv2): Conv2d(192, 192, kernel_size=(3, 3), stride=(1, 1), padding=(1, 1), bias=False)
      (bn2): GroupNorm(8, 192, eps=1e-05, affine=True)
      (act): ReLU(inplace=True)
      (pool): MaxPool2d(kernel_size=2, stride=2, padding=0, dilation=1, ceil_mode=False)
      (dropout): Dropout2d(p=0.08, inplace=False)
      (film): Linear(in_features=160, out_features=384, bias=True)
      (gate): Linear(in_features=160, out_features=192, bias=True)
      (shortcut): Sequential(
        (0): Conv2d(128, 192, kernel_size=(1, 1), stride=(1, 1), bias=False)
        (1): GroupNorm(8, 192, eps=1e-05, affine=True)
      )
    )
  )
  (avg_pool): AdaptiveAvgPool2d(output_size=1)
  (max_pool): AdaptiveMaxPool2d(output_size=1)
  (cnn_projector): Sequential(
    (0): Linear(in_features=384, out_features=256, bias=True)
    (1): ReLU()
    (2): Dropout(p=0.1, inplace=False)
  )
  (fusion): GatedBilinearFusionBlock(
    (img_gate): Linear(in_features=160, out_features=256, bias=True)
    (scalar_gate): Linear(in_features=256, out_features=160, bias=True)
    (img_bilinear): Linear(in_features=256, out_features=64, bias=False)
    (scalar_bilinear): Linear(in_features=160, out_features=64, bias=False)
    (out): Sequential(
      (0): Linear(in_features=480, out_features=320, bias=True)
      (1): LayerNorm((320,), eps=1e-05, elementwise_affine=True)
      (2): GELU(approximate='none')
      (3): Dropout(p=0.17, inplace=False)
    )
  )
  (head): Sequential(
    (0): Linear(in_features=320, out_features=320, bias=True)
    (1): GELU(approximate='none')
    (2): Dropout(p=0.23, inplace=False)
    (3): Linear(in_features=320, out_features=96, bias=True)
    (4): GELU(approximate='none')
    (5): Linear(in_features=96, out_features=1, bias=True)
  )
  (tail_correction_head): Sequential(
    (0): Linear(in_features=320, out_features=80, bias=True)
    (1): GELU(approximate='none')
    (2): Dropout(p=0.08, inplace=False)
    (3): Linear(in_features=80, out_features=1, bias=True)
  )
  (tail_correction_activation): Softplus(beta=1.0, threshold=20.0)
  (tail_correction_gate): Linear(in_features=320, out_features=1, bias=True)
  (tail_classifier_head): Sequential(
    (0): Linear(in_features=320, out_features=80, bias=True)
    (1): GELU(approximate='none')
    (2): Dropout(p=0.08, inplace=False)
    (3): Linear(in_features=80, out_features=2, bias=True)
  )
)

>>> Total parameters: 1,955,097
>>> Trainable parameters: 1,955,097

>>> Training metadata saved to C:\Users\jiaotong1\5080train\output\2dcnnv7\model-20260523-171351-541b9ed7-train20260531-180441\training_metadata.json

>>> Start Training for 160 epochs...
    AMP: ON | Early Stopping patience: 20
  >> Best model saved (Selection score: 0.002134, Focus score: 0.015754, MAE: 0.001506, low MAE: 0.000140, low norm: 0.1385, mid-tail MAE: 0.002689, tail MAE: 0.008029, tail under: 0.008029, extreme tail MAE: 0.016776, extreme under: 0.016776)
Ep 1: Train SmoothL1=0.7729 | Val SmoothL1=1.1820 | Val MAE=0.001506 | Val RMSE=0.002900 | Val R2=0.5656 | Val Score=0.015754 | Selection=0.002134 | Low MAE=0.000140 | Low Norm=0.1385 | Low MAPE=47.69% | MidTail MAE=0.002689 | Tail MAE=0.008029 | Tail Bias=-0.008029 | Tail Under=0.008029 | Extreme Tail MAE=0.016776 | Extreme Bias=-0.016776 | Extreme Under=0.016776 | LR=4.00e-05 | EarlyStop=0/20
  >> Best model saved (Selection score: 0.001063, Focus score: 0.007868, MAE: 0.000735, low MAE: 0.000114, low norm: 0.1126, mid-tail MAE: 0.001543, tail MAE: 0.002888, tail under: 0.002256, extreme tail MAE: 0.009085, extreme under: 0.009085)
Ep 2: Train SmoothL1=0.4220 | Val SmoothL1=0.4730 | Val MAE=0.000735 | Val RMSE=0.001509 | Val R2=0.8824 | Val Score=0.007868 | Selection=0.001063 | Low MAE=0.000114 | Low Norm=0.1126 | Low MAPE=32.97% | MidTail MAE=0.001543 | Tail MAE=0.002888 | Tail Bias=-0.001625 | Tail Under=0.002256 | Extreme Tail MAE=0.009085 | Extreme Bias=-0.009085 | Extreme Under=0.009085 | LR=5.50e-05 | EarlyStop=0/20
Ep 3: Train SmoothL1=0.3791 | Val SmoothL1=0.5478 | Val MAE=0.000801 | Val RMSE=0.001622 | Val R2=0.8641 | Val Score=0.005749 | Selection=0.001115 | Low MAE=0.000103 | Low Norm=0.1025 | Low MAPE=31.49% | MidTail MAE=0.001927 | Tail MAE=0.002950 | Tail Bias=0.000627 | Tail Under=0.001162 | Extreme Tail MAE=0.005838 | Extreme Bias=-0.005838 | Extreme Under=0.005838 | LR=7.00e-05 | EarlyStop=1/20
