Running on device: cuda
>>> Using dataset run:       opensees_surrogate_dataset_floors_3_to_7_3stage-tailfix-steel01main-steel02damper-light-grid6-fy5-fy500to2500-period09-m50to140-ydr1p0-20260601-001319-drop-split-rank-top5drift
>>> Loading training CSV from: C:\Users\jiaotong1\5080train\newdata\opensees_surrogate_dataset_floors_3_to_7_3stage-tailfix-steel01main-steel02damper-light-grid6-fy5-fy500to2500-period09-m50to140-ydr1p0-20260601-001319-drop-split-rank-top5drift_train.csv
>>> Loading validation CSV from: C:\Users\jiaotong1\5080train\newdata\opensees_surrogate_dataset_floors_3_to_7_3stage-tailfix-steel01main-steel02damper-light-grid6-fy5-fy500to2500-period09-m50to140-ydr1p0-20260601-001319-drop-split-rank-top5drift_val.csv
>>> Dataset search dirs:    C:\Users\jiaotong1\5080train\newdata
>>> Wavelet image dir:      C:\Users\jiaotong1\5080train\newdata\Newdatabase\Scalogram\rare_waves-20260531-140353
>>> Model run name:         model-nostamp-6f475c7d-train20260601-014156
>>> Model artifacts dir:    C:\Users\jiaotong1\5080train\output\2dcnnv2\model-nostamp-6f475c7d-train20260601-014156
>>> Backfilled 67260 missing image_path values from txt_path
>>> Backfilled 3420 missing image_path values from txt_path
>>> Using 100% of data: 67260 samples
>>> Scalar feature columns (63): ['num_floors', 'floor_mass', 'floor_height', 'k_base_1_4', 'Fy_add', 'period_1_sec', 'wave_pga', 'wave_rms', 'wave_mean_abs', 'wave_cav', 'wave_arias_proxy', 'wave_duration_5_95', 'wave_zero_crossing_rate', 'wave_dominant_freq', 'wave_spectral_centroid', 'wave_predominant_period', 'wave_intensity_score', 'log1p_period_1_sec', 'log1p_wave_pga', 'log1p_wave_rms', 'log1p_wave_mean_abs', 'log1p_wave_cav', 'log1p_wave_arias_proxy', 'log1p_wave_duration_5_95', 'log1p_wave_zero_crossing_rate', 'log1p_wave_dominant_freq', 'log1p_wave_spectral_centroid', 'log1p_wave_predominant_period', 'log1p_wave_intensity_score', 'wave_to_structure_period_ratio', 'structure_to_wave_period_ratio', 'wave_structure_period_log_gap', 'wave_dominant_freq_x_period', 'wave_spectral_centroid_x_period', 'wave_pga_x_period', 'wave_cav_x_period', 'wave_arias_proxy_x_period', 'wave_intensity_score_x_period', 'inv_k_base_1_4', 'inv_Fy_add', 'mass_to_stiffness', 'height_to_stiffness', 'period_squared', 'num_floors_x_period', 'floor_mass_x_period', 'floor_height_x_period', 'flexibility_x_period', 'strength_inverse_x_period', 'damper_story_1', 'damper_story_2', 'damper_story_3', 'damper_story_4', 'damper_story_5', 'damper_story_6', 'damper_story_7', 'damper_install_count', 'damper_install_ratio', 'damper_sparse_ratio', 'tail_risk_proxy', 'log1p_tail_risk_proxy', 'wave_intensity_tail_risk', 'wave_arias_tail_risk', 'wave_cav_tail_risk']
>>> Unique train txt files: 163
>>> Unique val txt files:   17
>>> Unique train images:    163
>>> Unique val images:      17
>>> Train samples: 67260 | Val samples: 3420
>>> Train loss weights: min=0.821, max=2.099, mean=1.000
>>> Fitting StandardScaler on training scalars...
>>> Scalar scaler saved to C:\Users\jiaotong1\5080train\output\2dcnnv2\model-nostamp-6f475c7d-train20260601-014156\scalar_scaler.pkl
>>> Pre-loading 163 unique images into memory (total rows: 67260)...
>>> Image caching complete.
>>> Dataset size: 67260 samples
>>> Pre-loading 17 unique images into memory (total rows: 3420)...
>>> Image caching complete.
>>> Dataset size: 3420 samples

>>> Model Architecture:
MultimodalPredictor(
  (mlp): ScalarFeatureEncoder(
    (encoder): Sequential(
      (0): Linear(in_features=63, out_features=160, bias=True)
      (1): LayerNorm((160,), eps=1e-05, elementwise_affine=True)
      (2): GELU(approximate='none')
      (3): Dropout(p=0.08, inplace=False)
      (4): ScalarResidualBlock(
        (norm): LayerNorm((160,), eps=1e-05, elementwise_affine=True)
        (net): Sequential(
          (0): Linear(in_features=160, out_features=320, bias=True)
          (1): GELU(approximate='none')
          (2): Dropout(p=0.17, inplace=False)
          (3): Linear(in_features=320, out_features=160, bias=True)
          (4): Dropout(p=0.17, inplace=False)
        )
      )
      (5): ScalarResidualBlock(
        (norm): LayerNorm((160,), eps=1e-05, elementwise_affine=True)
        (net): Sequential(
          (0): Linear(in_features=160, out_features=320, bias=True)
          (1): GELU(approximate='none')
          (2): Dropout(p=0.17, inplace=False)
          (3): Linear(in_features=320, out_features=160, bias=True)
          (4): Dropout(p=0.17, inplace=False)
        )
      )
      (6): ScalarResidualBlock(
        (norm): LayerNorm((160,), eps=1e-05, elementwise_affine=True)
        (net): Sequential(
          (0): Linear(in_features=160, out_features=320, bias=True)
          (1): GELU(approximate='none')
          (2): Dropout(p=0.17, inplace=False)
          (3): Linear(in_features=320, out_features=160, bias=True)
          (4): Dropout(p=0.17, inplace=False)
        )
      )
      (7): LayerNorm((160,), eps=1e-05, elementwise_affine=True)
    )
  )
  (cnn_stem): Sequential(
    (0): Conv2d(3, 32, kernel_size=(3, 3), stride=(1, 1), padding=(1, 1), bias=False)
    (1): GroupNorm(8, 32, eps=1e-05, affine=True)
    (2): ReLU(inplace=True)
  )
  (cnn_blocks): ModuleList(
    (0): ConditionalResidualConvBlock2D(
      (conv1): Conv2d(32, 32, kernel_size=(3, 3), stride=(1, 1), padding=(1, 1), bias=False)
      (bn1): GroupNorm(8, 32, eps=1e-05, affine=True)
      (conv2): Conv2d(32, 32, kernel_size=(3, 3), stride=(1, 1), padding=(1, 1), bias=False)
      (bn2): GroupNorm(8, 32, eps=1e-05, affine=True)
      (act): ReLU(inplace=True)
      (pool): MaxPool2d(kernel_size=2, stride=2, padding=0, dilation=1, ceil_mode=False)
      (dropout): Dropout2d(p=0.08, inplace=False)
      (film): Linear(in_features=160, out_features=64, bias=True)
      (gate): Linear(in_features=160, out_features=32, bias=True)
      (shortcut): Identity()
    )
    (1): ConditionalResidualConvBlock2D(
      (conv1): Conv2d(32, 64, kernel_size=(3, 3), stride=(1, 1), padding=(1, 1), bias=False)
      (bn1): GroupNorm(8, 64, eps=1e-05, affine=True)
      (conv2): Conv2d(64, 64, kernel_size=(3, 3), stride=(1, 1), padding=(1, 1), bias=False)
      (bn2): GroupNorm(8, 64, eps=1e-05, affine=True)
      (act): ReLU(inplace=True)
      (pool): MaxPool2d(kernel_size=2, stride=2, padding=0, dilation=1, ceil_mode=False)
      (dropout): Dropout2d(p=0.08, inplace=False)
      (film): Linear(in_features=160, out_features=128, bias=True)
      (gate): Linear(in_features=160, out_features=64, bias=True)
      (shortcut): Sequential(
        (0): Conv2d(32, 64, kernel_size=(1, 1), stride=(1, 1), bias=False)
        (1): GroupNorm(8, 64, eps=1e-05, affine=True)
      )
    )
    (2): ConditionalResidualConvBlock2D(
      (conv1): Conv2d(64, 128, kernel_size=(3, 3), stride=(1, 1), padding=(1, 1), bias=False)
      (bn1): GroupNorm(8, 128, eps=1e-05, affine=True)
      (conv2): Conv2d(128, 128, kernel_size=(3, 3), stride=(1, 1), padding=(1, 1), bias=False)
      (bn2): GroupNorm(8, 128, eps=1e-05, affine=True)
      (act): ReLU(inplace=True)
      (pool): MaxPool2d(kernel_size=2, stride=2, padding=0, dilation=1, ceil_mode=False)
      (dropout): Dropout2d(p=0.08, inplace=False)
      (film): Linear(in_features=160, out_features=256, bias=True)
      (gate): Linear(in_features=160, out_features=128, bias=True)
      (shortcut): Sequential(
        (0): Conv2d(64, 128, kernel_size=(1, 1), stride=(1, 1), bias=False)
        (1): GroupNorm(8, 128, eps=1e-05, affine=True)
      )
    )
    (3): ConditionalResidualConvBlock2D(
      (conv1): Conv2d(128, 192, kernel_size=(3, 3), stride=(1, 1), padding=(1, 1), bias=False)
      (bn1): GroupNorm(8, 192, eps=1e-05, affine=True)
      (conv2): Conv2d(192, 192, kernel_size=(3, 3), stride=(1, 1), padding=(1, 1), bias=False)
      (bn2): GroupNorm(8, 192, eps=1e-05, affine=True)
      (act): ReLU(inplace=True)
      (pool): MaxPool2d(kernel_size=2, stride=2, padding=0, dilation=1, ceil_mode=False)
      (dropout): Dropout2d(p=0.08, inplace=False)
      (film): Linear(in_features=160, out_features=384, bias=True)
      (gate): Linear(in_features=160, out_features=192, bias=True)
      (shortcut): Sequential(
        (0): Conv2d(128, 192, kernel_size=(1, 1), stride=(1, 1), bias=False)
        (1): GroupNorm(8, 192, eps=1e-05, affine=True)
      )
    )
  )
  (avg_pool): AdaptiveAvgPool2d(output_size=1)
  (max_pool): AdaptiveMaxPool2d(output_size=1)
  (cnn_projector): Sequential(
    (0): Linear(in_features=384, out_features=256, bias=True)
    (1): ReLU()
    (2): Dropout(p=0.1, inplace=False)
  )
  (fusion): GatedBilinearFusionBlock(
    (img_gate): Linear(in_features=160, out_features=256, bias=True)
    (scalar_gate): Linear(in_features=256, out_features=160, bias=True)
    (img_bilinear): Linear(in_features=256, out_features=64, bias=False)
    (scalar_bilinear): Linear(in_features=160, out_features=64, bias=False)
    (out): Sequential(
      (0): Linear(in_features=480, out_features=320, bias=True)
      (1): LayerNorm((320,), eps=1e-05, elementwise_affine=True)
      (2): GELU(approximate='none')
      (3): Dropout(p=0.17, inplace=False)
    )
  )
  (head): Sequential(
    (0): Linear(in_features=320, out_features=320, bias=True)
    (1): GELU(approximate='none')
    (2): Dropout(p=0.23, inplace=False)
    (3): Linear(in_features=320, out_features=96, bias=True)
    (4): GELU(approximate='none')
    (5): Linear(in_features=96, out_features=1, bias=True)
  )
  (tail_correction_head): Sequential(
    (0): Linear(in_features=320, out_features=80, bias=True)
    (1): GELU(approximate='none')
    (2): Dropout(p=0.08, inplace=False)
    (3): Linear(in_features=80, out_features=1, bias=True)
  )
  (tail_correction_activation): Softplus(beta=1.0, threshold=20.0)
  (tail_correction_gate): Linear(in_features=320, out_features=1, bias=True)
  (tail_classifier_head): Sequential(
    (0): Linear(in_features=320, out_features=80, bias=True)
    (1): GELU(approximate='none')
    (2): Dropout(p=0.08, inplace=False)
    (3): Linear(in_features=80, out_features=2, bias=True)
  )
)

>>> Total parameters: 1,955,097
>>> Trainable parameters: 1,955,097

>>> Training metadata saved to C:\Users\jiaotong1\5080train\output\2dcnnv2\model-nostamp-6f475c7d-train20260601-014156\training_metadata.json

>>> Start Training for 160 epochs...
    AMP: ON | Early Stopping patience: 20
  >> Best model saved (Selection score: 0.001557, Focus score: 0.008982, MAE: 0.001261, mid-tail MAE: 0.003374, tail MAE: 0.007346, tail under: 0.007346, extreme tail MAE: 0.007346, extreme under: 0.007346)
Ep 1: Train SmoothL1=0.4571 | Val SmoothL1=0.8964 | Val MAE=0.001261 | Val RMSE=0.002084 | Val R2=0.3998 | Val Score=0.008982 | Selection=0.001557 | MidTail MAE=0.003374 | Tail MAE=0.007346 | Tail Bias=-0.007346 | Tail Under=0.007346 | Extreme Tail MAE=0.007346 | Extreme Bias=-0.007346 | Extreme Under=0.007346 | LR=4.00e-05 | EarlyStop=0/20
  >> Best model saved (Selection score: 0.000879, Focus score: 0.005767, MAE: 0.000721, mid-tail MAE: 0.001370, tail MAE: 0.004816, tail under: 0.004816, extreme tail MAE: 0.004816, extreme under: 0.004816)
Ep 2: Train SmoothL1=0.2036 | Val SmoothL1=0.4254 | Val MAE=0.000721 | Val RMSE=0.001281 | Val R2=0.7732 | Val Score=0.005767 | Selection=0.000879 | MidTail MAE=0.001370 | Tail MAE=0.004816 | Tail Bias=-0.004816 | Tail Under=0.004816 | Extreme Tail MAE=0.004816 | Extreme Bias=-0.004816 | Extreme Under=0.004816 | LR=5.50e-05 | EarlyStop=0/20
  >> Best model saved (Selection score: 0.000727, Focus score: 0.004953, MAE: 0.000599, mid-tail MAE: 0.000968, tail MAE: 0.004159, tail under: 0.004159, extreme tail MAE: 0.004159, extreme under: 0.004159)
Ep 3: Train SmoothL1=0.1646 | Val SmoothL1=0.3278 | Val MAE=0.000599 | Val RMSE=0.001090 | Val R2=0.8359 | Val Score=0.004953 | Selection=0.000727 | MidTail MAE=0.000968 | Tail MAE=0.004159 | Tail Bias=-0.004159 | Tail Under=0.004159 | Extreme Tail MAE=0.004159 | Extreme Bias=-0.004159 | Extreme Under=0.004159 | LR=7.00e-05 | EarlyStop=0/20
  >> Best model saved (Selection score: 0.000674, Focus score: 0.004774, MAE: 0.000552, mid-tail MAE: 0.000889, tail MAE: 0.004036, tail under: 0.004036, extreme tail MAE: 0.004036, extreme under: 0.004036)
Ep 4: Train SmoothL1=0.1357 | Val SmoothL1=0.2947 | Val MAE=0.000552 | Val RMSE=0.001036 | Val R2=0.8517 | Val Score=0.004774 | Selection=0.000674 | MidTail MAE=0.000889 | Tail MAE=0.004036 | Tail Bias=-0.004036 | Tail Under=0.004036 | Extreme Tail MAE=0.004036 | Extreme Bias=-0.004036 | Extreme Under=0.004036 | LR=8.50e-05 | EarlyStop=0/20
  >> Best model saved (Selection score: 0.000649, Focus score: 0.004729, MAE: 0.000529, mid-tail MAE: 0.000872, tail MAE: 0.004016, tail under: 0.004016, extreme tail MAE: 0.004016, extreme under: 0.004016)
Ep 5: Train SmoothL1=0.1172 | Val SmoothL1=0.2800 | Val MAE=0.000529 | Val RMSE=0.001017 | Val R2=0.8571 | Val Score=0.004729 | Selection=0.000649 | MidTail MAE=0.000872 | Tail MAE=0.004016 | Tail Bias=-0.004016 | Tail Under=0.004016 | Extreme Tail MAE=0.004016 | Extreme Bias=-0.004016 | Extreme Under=0.004016 | LR=1.00e-04 | EarlyStop=0/20
  >> Best model saved (Selection score: 0.000634, Focus score: 0.004760, MAE: 0.000514, mid-tail MAE: 0.000872, tail MAE: 0.004063, tail under: 0.004063, extreme tail MAE: 0.004063, extreme under: 0.004063)
Ep 6: Train SmoothL1=0.1026 | Val SmoothL1=0.2728 | Val MAE=0.000514 | Val RMSE=0.001017 | Val R2=0.8572 | Val Score=0.004760 | Selection=0.000634 | MidTail MAE=0.000872 | Tail MAE=0.004063 | Tail Bias=-0.004063 | Tail Under=0.004063 | Extreme Tail MAE=0.004063 | Extreme Bias=-0.004063 | Extreme Under=0.004063 | LR=1.00e-04 | EarlyStop=0/20
Ep 7: Train SmoothL1=0.0897 | Val SmoothL1=0.2750 | Val MAE=0.000513 | Val RMSE=0.001031 | Val R2=0.8530 | Val Score=0.004840 | Selection=0.000637 | MidTail MAE=0.000926 | Tail MAE=0.004142 | Tail Bias=-0.004142 | Tail Under=0.004142 | Extreme Tail MAE=0.004142 | Extreme Bias=-0.004142 | Extreme Under=0.004142 | LR=1.00e-04 | EarlyStop=1/20
  >> Best model saved (Selection score: 0.000631, Focus score: 0.004789, MAE: 0.000507, mid-tail MAE: 0.000939, tail MAE: 0.004099, tail under: 0.004099, extreme tail MAE: 0.004099, extreme under: 0.004099)
Ep 8: Train SmoothL1=0.0838 | Val SmoothL1=0.2715 | Val MAE=0.000507 | Val RMSE=0.001022 | Val R2=0.8557 | Val Score=0.004789 | Selection=0.000631 | MidTail MAE=0.000939 | Tail MAE=0.004099 | Tail Bias=-0.004099 | Tail Under=0.004099 | Extreme Tail MAE=0.004099 | Extreme Bias=-0.004099 | Extreme Under=0.004099 | LR=1.00e-04 | EarlyStop=0/20
Ep 9: Train SmoothL1=0.0782 | Val SmoothL1=0.2749 | Val MAE=0.000510 | Val RMSE=0.001031 | Val R2=0.8530 | Val Score=0.004823 | Selection=0.000635 | MidTail MAE=0.000969 | Tail MAE=0.004128 | Tail Bias=-0.004128 | Tail Under=0.004128 | Extreme Tail MAE=0.004128 | Extreme Bias=-0.004128 | Extreme Under=0.004128 | LR=1.00e-04 | EarlyStop=1/20
Ep 10: Train SmoothL1=0.0721 | Val SmoothL1=0.2744 | Val MAE=0.000510 | Val RMSE=0.001027 | Val R2=0.8542 | Val Score=0.004798 | Selection=0.000636 | MidTail MAE=0.001005 | Tail MAE=0.004104 | Tail Bias=-0.004104 | Tail Under=0.004104 | Extreme Tail MAE=0.004104 | Extreme Bias=-0.004104 | Extreme Under=0.004104 | LR=1.00e-04 | EarlyStop=2/20
Ep 11: Train SmoothL1=0.0674 | Val SmoothL1=0.2767 | Val MAE=0.000512 | Val RMSE=0.001031 | Val R2=0.8531 | Val Score=0.004817 | Selection=0.000639 | MidTail MAE=0.001008 | Tail MAE=0.004119 | Tail Bias=-0.004119 | Tail Under=0.004119 | Extreme Tail MAE=0.004119 | Extreme Bias=-0.004119 | Extreme Under=0.004119 | LR=1.00e-04 | EarlyStop=3/20
Ep 12: Train SmoothL1=0.0644 | Val SmoothL1=0.2789 | Val MAE=0.000515 | Val RMSE=0.001037 | Val R2=0.8515 | Val Score=0.004838 | Selection=0.000643 | MidTail MAE=0.001020 | Tail MAE=0.004136 | Tail Bias=-0.004136 | Tail Under=0.004136 | Extreme Tail MAE=0.004136 | Extreme Bias=-0.004136 | Extreme Under=0.004136 | LR=1.00e-04 | EarlyStop=4/20
Ep 13: Train SmoothL1=0.0605 | Val SmoothL1=0.2744 | Val MAE=0.000507 | Val RMSE=0.001028 | Val R2=0.8539 | Val Score=0.004801 | Selection=0.000634 | MidTail MAE=0.001006 | Tail MAE=0.004109 | Tail Bias=-0.004109 | Tail Under=0.004109 | Extreme Tail MAE=0.004109 | Extreme Bias=-0.004109 | Extreme Under=0.004109 | LR=1.00e-04 | EarlyStop=5/20
Ep 14: Train SmoothL1=0.0545 | Val SmoothL1=0.2735 | Val MAE=0.000507 | Val RMSE=0.001022 | Val R2=0.8558 | Val Score=0.004756 | Selection=0.000634 | MidTail MAE=0.001027 | Tail MAE=0.004065 | Tail Bias=-0.004065 | Tail Under=0.004065 | Extreme Tail MAE=0.004065 | Extreme Bias=-0.004065 | Extreme Under=0.004065 | LR=5.00e-05 | EarlyStop=6/20
Ep 15: Train SmoothL1=0.0519 | Val SmoothL1=0.2738 | Val MAE=0.000508 | Val RMSE=0.001021 | Val R2=0.8560 | Val Score=0.004741 | Selection=0.000634 | MidTail MAE=0.001023 | Tail MAE=0.004049 | Tail Bias=-0.004049 | Tail Under=0.004049 | Extreme Tail MAE=0.004049 | Extreme Bias=-0.004049 | Extreme Under=0.004049 | LR=5.00e-05 | EarlyStop=7/20
  >> Best model saved (Selection score: 0.000631, Focus score: 0.004723, MAE: 0.000506, mid-tail MAE: 0.001000, tail MAE: 0.004035, tail under: 0.004035, extreme tail MAE: 0.004035, extreme under: 0.004035)
Ep 16: Train SmoothL1=0.0501 | Val SmoothL1=0.2715 | Val MAE=0.000506 | Val RMSE=0.001015 | Val R2=0.8575 | Val Score=0.004723 | Selection=0.000631 | MidTail MAE=0.001000 | Tail MAE=0.004035 | Tail Bias=-0.004035 | Tail Under=0.004035 | Extreme Tail MAE=0.004035 | Extreme Bias=-0.004035 | Extreme Under=0.004035 | LR=5.00e-05 | EarlyStop=0/20
Ep 17: Train SmoothL1=0.0495 | Val SmoothL1=0.2737 | Val MAE=0.000507 | Val RMSE=0.001023 | Val R2=0.8555 | Val Score=0.004760 | Selection=0.000634 | MidTail MAE=0.001016 | Tail MAE=0.004069 | Tail Bias=-0.004069 | Tail Under=0.004069 | Extreme Tail MAE=0.004069 | Extreme Bias=-0.004069 | Extreme Under=0.004069 | LR=5.00e-05 | EarlyStop=1/20
Ep 18: Train SmoothL1=0.0481 | Val SmoothL1=0.2727 | Val MAE=0.000506 | Val RMSE=0.001019 | Val R2=0.8564 | Val Score=0.004744 | Selection=0.000632 | MidTail MAE=0.001010 | Tail MAE=0.004054 | Tail Bias=-0.004054 | Tail Under=0.004054 | Extreme Tail MAE=0.004054 | Extreme Bias=-0.004054 | Extreme Under=0.004054 | LR=5.00e-05 | EarlyStop=2/20
Ep 19: Train SmoothL1=0.0472 | Val SmoothL1=0.2724 | Val MAE=0.000506 | Val RMSE=0.001020 | Val R2=0.8563 | Val Score=0.004745 | Selection=0.000632 | MidTail MAE=0.001020 | Tail MAE=0.004056 | Tail Bias=-0.004056 | Tail Under=0.004056 | Extreme Tail MAE=0.004056 | Extreme Bias=-0.004056 | Extreme Under=0.004056 | LR=5.00e-05 | EarlyStop=3/20
  >> Best model saved (Selection score: 0.000631, Focus score: 0.004740, MAE: 0.000504, mid-tail MAE: 0.001033, tail MAE: 0.004053, tail under: 0.004053, extreme tail MAE: 0.004053, extreme under: 0.004053)
Ep 20: Train SmoothL1=0.0463 | Val SmoothL1=0.2717 | Val MAE=0.000504 | Val RMSE=0.001019 | Val R2=0.8565 | Val Score=0.004740 | Selection=0.000631 | MidTail MAE=0.001033 | Tail MAE=0.004053 | Tail Bias=-0.004053 | Tail Under=0.004053 | Extreme Tail MAE=0.004053 | Extreme Bias=-0.004053 | Extreme Under=0.004053 | LR=5.00e-05 | EarlyStop=0/20
  >> Best model saved (Selection score: 0.000630, Focus score: 0.004753, MAE: 0.000504, mid-tail MAE: 0.001018, tail MAE: 0.004066, tail under: 0.004066, extreme tail MAE: 0.004066, extreme under: 0.004066)
Ep 21: Train SmoothL1=0.0452 | Val SmoothL1=0.2716 | Val MAE=0.000504 | Val RMSE=0.001020 | Val R2=0.8561 | Val Score=0.004753 | Selection=0.000630 | MidTail MAE=0.001018 | Tail MAE=0.004066 | Tail Bias=-0.004066 | Tail Under=0.004066 | Extreme Tail MAE=0.004066 | Extreme Bias=-0.004066 | Extreme Under=0.004066 | LR=5.00e-05 | EarlyStop=0/20
Ep 22: Train SmoothL1=0.0440 | Val SmoothL1=0.2727 | Val MAE=0.000504 | Val RMSE=0.001026 | Val R2=0.8545 | Val Score=0.004787 | Selection=0.000631 | MidTail MAE=0.001020 | Tail MAE=0.004098 | Tail Bias=-0.004098 | Tail Under=0.004098 | Extreme Tail MAE=0.004098 | Extreme Bias=-0.004098 | Extreme Under=0.004098 | LR=5.00e-05 | EarlyStop=1/20
  >> Best model saved (Selection score: 0.000626, Focus score: 0.004713, MAE: 0.000501, mid-tail MAE: 0.001007, tail MAE: 0.004029, tail under: 0.004029, extreme tail MAE: 0.004029, extreme under: 0.004029)
Ep 23: Train SmoothL1=0.0431 | Val SmoothL1=0.2694 | Val MAE=0.000501 | Val RMSE=0.001013 | Val R2=0.8581 | Val Score=0.004713 | Selection=0.000626 | MidTail MAE=0.001007 | Tail MAE=0.004029 | Tail Bias=-0.004029 | Tail Under=0.004029 | Extreme Tail MAE=0.004029 | Extreme Bias=-0.004029 | Extreme Under=0.004029 | LR=5.00e-05 | EarlyStop=0/20
Ep 24: Train SmoothL1=0.0428 | Val SmoothL1=0.2710 | Val MAE=0.000503 | Val RMSE=0.001018 | Val R2=0.8569 | Val Score=0.004739 | Selection=0.000628 | MidTail MAE=0.001008 | Tail MAE=0.004053 | Tail Bias=-0.004053 | Tail Under=0.004053 | Extreme Tail MAE=0.004053 | Extreme Bias=-0.004053 | Extreme Under=0.004053 | LR=5.00e-05 | EarlyStop=1/20
Ep 25: Train SmoothL1=0.0415 | Val SmoothL1=0.2709 | Val MAE=0.000502 | Val RMSE=0.001015 | Val R2=0.8576 | Val Score=0.004722 | Selection=0.000628 | MidTail MAE=0.001012 | Tail MAE=0.004037 | Tail Bias=-0.004037 | Tail Under=0.004037 | Extreme Tail MAE=0.004037 | Extreme Bias=-0.004037 | Extreme Under=0.004037 | LR=5.00e-05 | EarlyStop=2/20
Ep 26: Train SmoothL1=0.0415 | Val SmoothL1=0.2733 | Val MAE=0.000504 | Val RMSE=0.001024 | Val R2=0.8550 | Val Score=0.004771 | Selection=0.000630 | MidTail MAE=0.001010 | Tail MAE=0.004083 | Tail Bias=-0.004083 | Tail Under=0.004083 | Extreme Tail MAE=0.004083 | Extreme Bias=-0.004083 | Extreme Under=0.004083 | LR=5.00e-05 | EarlyStop=3/20
Ep 27: Train SmoothL1=0.0410 | Val SmoothL1=0.2722 | Val MAE=0.000502 | Val RMSE=0.001022 | Val R2=0.8555 | Val Score=0.004757 | Selection=0.000628 | MidTail MAE=0.001010 | Tail MAE=0.004071 | Tail Bias=-0.004071 | Tail Under=0.004071 | Extreme Tail MAE=0.004071 | Extreme Bias=-0.004071 | Extreme Under=0.004071 | LR=5.00e-05 | EarlyStop=4/20
Ep 28: Train SmoothL1=0.0393 | Val SmoothL1=0.2713 | Val MAE=0.000500 | Val RMSE=0.001017 | Val R2=0.8570 | Val Score=0.004726 | Selection=0.000626 | MidTail MAE=0.001026 | Tail MAE=0.004043 | Tail Bias=-0.004043 | Tail Under=0.004043 | Extreme Tail MAE=0.004043 | Extreme Bias=-0.004043 | Extreme Under=0.004043 | LR=5.00e-05 | EarlyStop=5/20
  >> Best model saved (Selection score: 0.000626, Focus score: 0.004747, MAE: 0.000500, mid-tail MAE: 0.001012, tail MAE: 0.004063, tail under: 0.004063, extreme tail MAE: 0.004063, extreme under: 0.004063)
Ep 29: Train SmoothL1=0.0373 | Val SmoothL1=0.2712 | Val MAE=0.000500 | Val RMSE=0.001020 | Val R2=0.8561 | Val Score=0.004747 | Selection=0.000626 | MidTail MAE=0.001012 | Tail MAE=0.004063 | Tail Bias=-0.004063 | Tail Under=0.004063 | Extreme Tail MAE=0.004063 | Extreme Bias=-0.004063 | Extreme Under=0.004063 | LR=2.50e-05 | EarlyStop=0/20
  >> Best model saved (Selection score: 0.000623, Focus score: 0.004714, MAE: 0.000498, mid-tail MAE: 0.001004, tail MAE: 0.004034, tail under: 0.004034, extreme tail MAE: 0.004034, extreme under: 0.004034)
Ep 30: Train SmoothL1=0.0369 | Val SmoothL1=0.2692 | Val MAE=0.000498 | Val RMSE=0.001014 | Val R2=0.8579 | Val Score=0.004714 | Selection=0.000623 | MidTail MAE=0.001004 | Tail MAE=0.004034 | Tail Bias=-0.004034 | Tail Under=0.004034 | Extreme Tail MAE=0.004034 | Extreme Bias=-0.004034 | Extreme Under=0.004034 | LR=2.50e-05 | EarlyStop=0/20
Ep 31: Train SmoothL1=0.0360 | Val SmoothL1=0.2702 | Val MAE=0.000500 | Val RMSE=0.001016 | Val R2=0.8575 | Val Score=0.004720 | Selection=0.000625 | MidTail MAE=0.001015 | Tail MAE=0.004038 | Tail Bias=-0.004038 | Tail Under=0.004038 | Extreme Tail MAE=0.004038 | Extreme Bias=-0.004038 | Extreme Under=0.004038 | LR=2.50e-05 | EarlyStop=1/20
Ep 32: Train SmoothL1=0.0349 | Val SmoothL1=0.2704 | Val MAE=0.000499 | Val RMSE=0.001016 | Val R2=0.8573 | Val Score=0.004723 | Selection=0.000625 | MidTail MAE=0.001024 | Tail MAE=0.004041 | Tail Bias=-0.004041 | Tail Under=0.004041 | Extreme Tail MAE=0.004041 | Extreme Bias=-0.004041 | Extreme Under=0.004041 | LR=2.50e-05 | EarlyStop=2/20
Ep 33: Train SmoothL1=0.0358 | Val SmoothL1=0.2714 | Val MAE=0.000500 | Val RMSE=0.001018 | Val R2=0.8569 | Val Score=0.004727 | Selection=0.000627 | MidTail MAE=0.001035 | Tail MAE=0.004043 | Tail Bias=-0.004043 | Tail Under=0.004043 | Extreme Tail MAE=0.004043 | Extreme Bias=-0.004043 | Extreme Under=0.004043 | LR=2.50e-05 | EarlyStop=3/20
Ep 34: Train SmoothL1=0.0349 | Val SmoothL1=0.2707 | Val MAE=0.000499 | Val RMSE=0.001017 | Val R2=0.8571 | Val Score=0.004728 | Selection=0.000625 | MidTail MAE=0.001032 | Tail MAE=0.004046 | Tail Bias=-0.004046 | Tail Under=0.004046 | Extreme Tail MAE=0.004046 | Extreme Bias=-0.004046 | Extreme Under=0.004046 | LR=2.50e-05 | EarlyStop=4/20
Ep 35: Train SmoothL1=0.0340 | Val SmoothL1=0.2697 | Val MAE=0.000497 | Val RMSE=0.001014 | Val R2=0.8580 | Val Score=0.004708 | Selection=0.000623 | MidTail MAE=0.001024 | Tail MAE=0.004029 | Tail Bias=-0.004029 | Tail Under=0.004029 | Extreme Tail MAE=0.004029 | Extreme Bias=-0.004029 | Extreme Under=0.004029 | LR=2.50e-05 | EarlyStop=5/20
Ep 36: Train SmoothL1=0.0337 | Val SmoothL1=0.2710 | Val MAE=0.000498 | Val RMSE=0.001018 | Val R2=0.8568 | Val Score=0.004726 | Selection=0.000624 | MidTail MAE=0.001037 | Tail MAE=0.004045 | Tail Bias=-0.004045 | Tail Under=0.004045 | Extreme Tail MAE=0.004045 | Extreme Bias=-0.004045 | Extreme Under=0.004045 | LR=1.25e-05 | EarlyStop=6/20
Ep 37: Train SmoothL1=0.0337 | Val SmoothL1=0.2715 | Val MAE=0.000498 | Val RMSE=0.001022 | Val R2=0.8555 | Val Score=0.004753 | Selection=0.000624 | MidTail MAE=0.001030 | Tail MAE=0.004071 | Tail Bias=-0.004071 | Tail Under=0.004071 | Extreme Tail MAE=0.004071 | Extreme Bias=-0.004071 | Extreme Under=0.004071 | LR=1.25e-05 | EarlyStop=7/20
Ep 38: Train SmoothL1=0.0329 | Val SmoothL1=0.2727 | Val MAE=0.000500 | Val RMSE=0.001023 | Val R2=0.8555 | Val Score=0.004748 | Selection=0.000627 | MidTail MAE=0.001037 | Tail MAE=0.004064 | Tail Bias=-0.004064 | Tail Under=0.004064 | Extreme Tail MAE=0.004064 | Extreme Bias=-0.004064 | Extreme Under=0.004064 | LR=1.25e-05 | EarlyStop=8/20
Ep 39: Train SmoothL1=0.0324 | Val SmoothL1=0.2737 | Val MAE=0.000501 | Val RMSE=0.001025 | Val R2=0.8549 | Val Score=0.004758 | Selection=0.000628 | MidTail MAE=0.001039 | Tail MAE=0.004073 | Tail Bias=-0.004073 | Tail Under=0.004073 | Extreme Tail MAE=0.004073 | Extreme Bias=-0.004073 | Extreme Under=0.004073 | LR=1.25e-05 | EarlyStop=9/20
Ep 40: Train SmoothL1=0.0321 | Val SmoothL1=0.2728 | Val MAE=0.000500 | Val RMSE=0.001023 | Val R2=0.8553 | Val Score=0.004754 | Selection=0.000627 | MidTail MAE=0.001034 | Tail MAE=0.004069 | Tail Bias=-0.004069 | Tail Under=0.004069 | Extreme Tail MAE=0.004069 | Extreme Bias=-0.004069 | Extreme Under=0.004069 | LR=1.25e-05 | EarlyStop=10/20
Ep 41: Train SmoothL1=0.0318 | Val SmoothL1=0.2728 | Val MAE=0.000501 | Val RMSE=0.001021 | Val R2=0.8561 | Val Score=0.004735 | Selection=0.000628 | MidTail MAE=0.001049 | Tail MAE=0.004051 | Tail Bias=-0.004051 | Tail Under=0.004051 | Extreme Tail MAE=0.004051 | Extreme Bias=-0.004051 | Extreme Under=0.004051 | LR=6.25e-06 | EarlyStop=11/20
Ep 42: Train SmoothL1=0.0318 | Val SmoothL1=0.2728 | Val MAE=0.000501 | Val RMSE=0.001022 | Val R2=0.8556 | Val Score=0.004748 | Selection=0.000628 | MidTail MAE=0.001042 | Tail MAE=0.004063 | Tail Bias=-0.004063 | Tail Under=0.004063 | Extreme Tail MAE=0.004063 | Extreme Bias=-0.004063 | Extreme Under=0.004063 | LR=6.25e-06 | EarlyStop=12/20
Ep 43: Train SmoothL1=0.0315 | Val SmoothL1=0.2742 | Val MAE=0.000502 | Val RMSE=0.001027 | Val R2=0.8542 | Val Score=0.004772 | Selection=0.000629 | MidTail MAE=0.001042 | Tail MAE=0.004085 | Tail Bias=-0.004085 | Tail Under=0.004085 | Extreme Tail MAE=0.004085 | Extreme Bias=-0.004085 | Extreme Under=0.004085 | LR=6.25e-06 | EarlyStop=13/20
Ep 44: Train SmoothL1=0.0310 | Val SmoothL1=0.2735 | Val MAE=0.000502 | Val RMSE=0.001024 | Val R2=0.8552 | Val Score=0.004752 | Selection=0.000629 | MidTail MAE=0.001041 | Tail MAE=0.004066 | Tail Bias=-0.004066 | Tail Under=0.004066 | Extreme Tail MAE=0.004066 | Extreme Bias=-0.004066 | Extreme Under=0.004066 | LR=6.25e-06 | EarlyStop=14/20
Ep 45: Train SmoothL1=0.0312 | Val SmoothL1=0.2733 | Val MAE=0.000500 | Val RMSE=0.001026 | Val R2=0.8546 | Val Score=0.004766 | Selection=0.000628 | MidTail MAE=0.001039 | Tail MAE=0.004082 | Tail Bias=-0.004082 | Tail Under=0.004082 | Extreme Tail MAE=0.004082 | Extreme Bias=-0.004082 | Extreme Under=0.004082 | LR=6.25e-06 | EarlyStop=15/20
Ep 46: Train SmoothL1=0.0311 | Val SmoothL1=0.2728 | Val MAE=0.000500 | Val RMSE=0.001024 | Val R2=0.8550 | Val Score=0.004760 | Selection=0.000627 | MidTail MAE=0.001036 | Tail MAE=0.004076 | Tail Bias=-0.004076 | Tail Under=0.004076 | Extreme Tail MAE=0.004076 | Extreme Bias=-0.004076 | Extreme Under=0.004076 | LR=3.13e-06 | EarlyStop=16/20
Ep 47: Train SmoothL1=0.0307 | Val SmoothL1=0.2733 | Val MAE=0.000500 | Val RMSE=0.001026 | Val R2=0.8545 | Val Score=0.004769 | Selection=0.000627 | MidTail MAE=0.001036 | Tail MAE=0.004084 | Tail Bias=-0.004084 | Tail Under=0.004084 | Extreme Tail MAE=0.004084 | Extreme Bias=-0.004084 | Extreme Under=0.004084 | LR=3.13e-06 | EarlyStop=17/20
Ep 48: Train SmoothL1=0.0308 | Val SmoothL1=0.2737 | Val MAE=0.000500 | Val RMSE=0.001025 | Val R2=0.8547 | Val Score=0.004762 | Selection=0.000628 | MidTail MAE=0.001046 | Tail MAE=0.004077 | Tail Bias=-0.004077 | Tail Under=0.004077 | Extreme Tail MAE=0.004077 | Extreme Bias=-0.004077 | Extreme Under=0.004077 | LR=3.13e-06 | EarlyStop=18/20
Ep 49: Train SmoothL1=0.0309 | Val SmoothL1=0.2738 | Val MAE=0.000501 | Val RMSE=0.001025 | Val R2=0.8548 | Val Score=0.004761 | Selection=0.000628 | MidTail MAE=0.001046 | Tail MAE=0.004076 | Tail Bias=-0.004076 | Tail Under=0.004076 | Extreme Tail MAE=0.004076 | Extreme Bias=-0.004076 | Extreme Under=0.004076 | LR=3.13e-06 | EarlyStop=19/20
Running on device: cuda
Running on device: cuda
Running on device: cuda
Running on device: cuda
Running on device: cuda
Running on device: cuda
Running on device: cuda
Running on device: cuda
Running on device: cuda
Running on device: cuda
Running on device: cuda
Running on device: cuda
Running on device: cuda
Running on device: cuda
Running on device: cuda
Running on device: cuda
Ep 50: Train SmoothL1=0.0310 | Val SmoothL1=0.2729 | Val MAE=0.000499 | Val RMSE=0.001024 | Val R2=0.8551 | Val Score=0.004756 | Selection=0.000627 | MidTail MAE=0.001040 | Tail MAE=0.004072 | Tail Bias=-0.004072 | Tail Under=0.004072 | Extreme Tail MAE=0.004072 | Extreme Bias=-0.004072 | Extreme Under=0.004072 | LR=3.13e-06 | EarlyStop=20/20

>>> Early stopping triggered at epoch 50.
>>> Training metadata saved to C:\Users\jiaotong1\5080train\output\2dcnnv2\model-nostamp-6f475c7d-train20260601-014156\training_metadata.json
>>> Training history saved to: C:\Users\jiaotong1\5080train\output\2dcnnv2\model-nostamp-6f475c7d-train20260601-014156\training_history.json

>>> Training Complete. Model saved to C:\Users\jiaotong1\5080train\output\2dcnnv2\model-nostamp-6f475c7d-train20260601-014156\multimodal_2dcnn_model.pth
>>> Best model saved with Selection score: 0.000623, Val MAE: 0.000498, Focus score: 0.004714, Tail MAE: 0.004034, Tail Under: 0.004034, Extreme Tail MAE: 0.004034, Extreme Under: 0.004034 at epoch 30
>>> Total Time: 59.5 mins
>>> Training curves saved to C:\Users\jiaotong1\5080train\output\2dcnnv2\model-nostamp-6f475c7d-train20260601-014156\training_curves.png

提示: 模型训练目标已放大 1000 倍。
例如: 模型输出 5.0，实际代表 drift ratio 为 0.005。
